../Core/Src/st7789.c:29:13:ST7789_WriteCommand	16	static
../Core/Src/st7789.c:75:13:ST7789_WriteSmallData	16	static
../Core/Src/st7789.c:43:13:ST7789_WriteData	32	static
../Core/Src/st7789.c:116:13:ST7789_SetAddressWindow	32	static
../Core/Src/st7789.c:90:6:ST7789_SetRotation	8	static
../Core/Src/st7789.c:210:6:ST7789_Fill_Color	16	static
../Core/Src/st7789.c:145:6:ST7789_Init	32	static
../Core/Src/st7789.c:239:6:ST7789_DrawPixel	24	static
../Core/Src/st7789.c:258:6:ST7789_Fill	40	static
../Core/Src/st7789.c:279:6:ST7789_DrawPixel_4px	32	static
../Core/Src/st7789.c:295:6:ST7789_DrawLine	48	static
../Core/Src/st7789.c:356:6:ST7789_DrawRectangle	40	static
../Core/Src/st7789.c:373:6:ST7789_DrawCircle	56	static
../Core/Src/st7789.c:417:6:ST7789_DrawImage	24	static
../Core/Src/st7789.c:438:6:ST7789_InvertColors	8	static
../Core/Src/st7789.c:454:6:ST7789_WriteChar	48	static
../Core/Src/st7789.c:485:6:ST7789_WriteString	48	static
../Core/Src/st7789.c:516:6:ST7789_DrawFilledRectangle	40	static
../Core/Src/st7789.c:550:6:ST7789_DrawTriangle	48	static
../Core/Src/st7789.c:566:6:ST7789_DrawFilledTriangle	80	static
../Core/Src/st7789.c:635:6:ST7789_DrawFilledCircle	64	static
../Core/Src/st7789.c:675:6:ST7789_TearEffect	8	static
../Core/Src/st7789.c:695:6:ST7789_Starting_Screen	56	static
../Core/Src/st7789.c:753:6:ST7789_Main_Screen	32	static
../Core/Src/st7789.c:775:6:ST7789_Test	0	static
